// Vitest Snapshot v1

exports[`Palette > renders a palette from piped arguments 1`] = `
<DocumentFragment>
  <div
    class="_app-root_1suvm_1 app-root"
  >
    <div
      class="_palette_16tou_1 palette"
      data-testid="palette"
      tabindex="-1"
    >
      <div
        class="_inputWrapper_1itu2_1 filter-input"
      >
        <input
          autocomplete="off"
          class="_input_1itu2_1"
          data-testid="filter-input"
          placeholder="Type to filter..."
          value=""
        />
      </div>
      <div
        class="_palette-grid_lf0bl_1 _columns-1_lf0bl_5 palette-grid"
      >
        <div
          style="position: relative; height: 600px; width: 600px; overflow: auto; will-change: transform; direction: ltr;"
        >
          <div
            style="height: 84px; width: 100%;"
          >
            <button
              class="_palette-item_bgybm_1 _selected_bgybm_18 palette-item--selected palette-item"
              data-selected="true"
              data-testid="palette-item-first"
              style="position: absolute; left: 0px; top: 0px; height: 28px; width: 100%;"
            >
              <div
                class="_palette-item-right_bgybm_26"
              >
                <p>
                  first
                </p>
                <p
                  class="_palette-item-description_bgybm_32"
                />
              </div>
            </button>
            <button
              class="_palette-item_bgybm_1 palette-item"
              data-selected="false"
              data-testid="palette-item-second"
              style="position: absolute; left: 0px; top: 28px; height: 28px; width: 100%;"
            >
              <div
                class="_palette-item-right_bgybm_26"
              >
                <p>
                  second
                </p>
                <p
                  class="_palette-item-description_bgybm_32"
                />
              </div>
            </button>
            <button
              class="_palette-item_bgybm_1 palette-item"
              data-selected="false"
              data-testid="palette-item-third"
              style="position: absolute; left: 0px; top: 56px; height: 28px; width: 100%;"
            >
              <div
                class="_palette-item-right_bgybm_26"
              >
                <p>
                  third
                </p>
                <p
                  class="_palette-item-description_bgybm_32"
                />
              </div>
            </button>
          </div>
        </div>
      </div>
    </div>
  </div>
</DocumentFragment>
`;
