// Vitest Snapshot v1

exports[`Palette > renders a palette from piped arguments 1`] = `
<DocumentFragment>
  <div
    class="MuiPaper-root MuiPaper-elevation MuiPaper-rounded MuiPaper-elevation0 _app-root_plae5_1 css-ee20y-MuiPaper-root"
  >
    <div
      class="_palette_1tjk8_1"
      tabindex="-1"
    >
      <div
        class="MuiFormControl-root MuiFormControl-fullWidth MuiTextField-root css-wb57ya-MuiFormControl-root-MuiTextField-root"
        data-testid="filter-input"
      >
        <div
          class="MuiInputBase-root MuiOutlinedInput-root MuiInputBase-colorPrimary MuiInputBase-fullWidth Mui-focused MuiInputBase-formControl css-md26zr-MuiInputBase-root-MuiOutlinedInput-root"
        >
          <input
            aria-invalid="false"
            class="MuiInputBase-input MuiOutlinedInput-input _search_1tjk8_6 css-1t8l2tu-MuiInputBase-input-MuiOutlinedInput-input"
            defaultvalue=""
            id=":r0:"
            placeholder="Search..."
            type="text"
          />
          <fieldset
            aria-hidden="true"
            class="MuiOutlinedInput-notchedOutline css-1d3z3hw-MuiOutlinedInput-notchedOutline"
          >
            <legend
              class="css-hdw1oc"
            >
              <span
                class="notranslate"
              >
                ​
              </span>
            </legend>
          </fieldset>
        </div>
      </div>
      <div
        class="_palette-items_1tjk8_10"
      >
        <div
          class="_palette-grid_1vnjn_1 _columns-3_1vnjn_11"
        >
          <li
            class="MuiButtonBase-root MuiMenuItem-root MuiMenuItem-gutters Mui-selected _palette-item_66ycd_1 css-kk1bwy-MuiButtonBase-root-MuiMenuItem-root"
            role="menuitem"
            tabindex="-1"
          >
            <div
              class="_palette-item-right_66ycd_11"
            >
              <p
                class="MuiTypography-root MuiTypography-body1 css-ahj2mt-MuiTypography-root"
              >
                first
              </p>
              <p
                class="MuiTypography-root MuiTypography-body2 _palette-item-description_66ycd_15 css-e784if-MuiTypography-root"
              />
            </div>
            <span
              class="MuiTouchRipple-root css-8je8zh-MuiTouchRipple-root"
            />
          </li>
          <li
            class="MuiButtonBase-root MuiMenuItem-root MuiMenuItem-gutters _palette-item_66ycd_1 css-kk1bwy-MuiButtonBase-root-MuiMenuItem-root"
            role="menuitem"
            tabindex="-1"
          >
            <div
              class="_palette-item-right_66ycd_11"
            >
              <p
                class="MuiTypography-root MuiTypography-body1 css-ahj2mt-MuiTypography-root"
              >
                second
              </p>
              <p
                class="MuiTypography-root MuiTypography-body2 _palette-item-description_66ycd_15 css-e784if-MuiTypography-root"
              />
            </div>
            <span
              class="MuiTouchRipple-root css-8je8zh-MuiTouchRipple-root"
            />
          </li>
          <li
            class="MuiButtonBase-root MuiMenuItem-root MuiMenuItem-gutters _palette-item_66ycd_1 css-kk1bwy-MuiButtonBase-root-MuiMenuItem-root"
            role="menuitem"
            tabindex="-1"
          >
            <div
              class="_palette-item-right_66ycd_11"
            >
              <p
                class="MuiTypography-root MuiTypography-body1 css-ahj2mt-MuiTypography-root"
              >
                third
              </p>
              <p
                class="MuiTypography-root MuiTypography-body2 _palette-item-description_66ycd_15 css-e784if-MuiTypography-root"
              />
            </div>
            <span
              class="MuiTouchRipple-root css-8je8zh-MuiTouchRipple-root"
            />
          </li>
        </div>
      </div>
    </div>
  </div>
</DocumentFragment>
`;
